// Jest Snapshot v1, https://goo.gl/fbAQLP

exports[`NavMobile renders as expected with "/library" path 1`] = `
<div
  className="MuiBottomNavigation-root-1"
  style={
    Object {
      "backgroundColor": "#fafafa",
      "bottom": "0px",
      "height": 56,
      "position": "fixed",
      "width": "100%",
      "zIndex": 2,
    }
  }
>
  <a
    className="MuiButtonBase-root-7 MuiBottomNavigationAction-root-2"
    href="/"
    onBlur={[Function]}
    onClick={[Function]}
    onFocus={[Function]}
    onKeyDown={[Function]}
    onKeyUp={[Function]}
    onMouseDown={[Function]}
    onMouseLeave={[Function]}
    onMouseUp={[Function]}
    onTouchEnd={[Function]}
    onTouchMove={[Function]}
    onTouchStart={[Function]}
    role="button"
    tabIndex="0"
  >
    <span
      className="MuiBottomNavigationAction-wrapper-5"
    >
      <svg
        aria-hidden="true"
        className="MuiSvgIcon-root-10"
        color={undefined}
        focusable="false"
        viewBox="0 0 24 24"
      >
        <g>
          <path
            d="M10 20v-6h4v6h5v-8h3L12 3 2 12h3v8z"
          />
        </g>
      </svg>
      <span
        className="MuiBottomNavigationAction-label-6"
      >
        <span
          className="MuiTypography-root-16 MuiTypography-caption-26 MuiTypography-colorInherit-35"
        >
          Home
        </span>
      </span>
    </span>
    <span
      className="MuiTouchRipple-root-40"
    />
  </a>
  <a
    className="MuiButtonBase-root-7 MuiBottomNavigationAction-root-2 MuiBottomNavigationAction-selected-3"
    href="/library"
    onBlur={[Function]}
    onClick={[Function]}
    onFocus={[Function]}
    onKeyDown={[Function]}
    onKeyUp={[Function]}
    onMouseDown={[Function]}
    onMouseLeave={[Function]}
    onMouseUp={[Function]}
    onTouchEnd={[Function]}
    onTouchMove={[Function]}
    onTouchStart={[Function]}
    role="button"
    tabIndex="0"
  >
    <span
      className="MuiBottomNavigationAction-wrapper-5"
    >
      <svg
        aria-hidden="true"
        className="MuiSvgIcon-root-10"
        color={undefined}
        focusable="false"
        viewBox="0 0 24 24"
      >
        <g>
          <path
            d="M2 20h20v-4H2v4zm2-3h2v2H4v-2zM2 4v4h20V4H2zm4 3H4V5h2v2zm-4 7h20v-4H2v4zm2-3h2v2H4v-2z"
          />
        </g>
      </svg>
      <span
        className="MuiBottomNavigationAction-label-6 MuiBottomNavigationAction-selected-3"
      >
        <span
          className="MuiTypography-root-16 MuiTypography-caption-26 MuiTypography-colorInherit-35"
        >
          Library
        </span>
      </span>
    </span>
    <span
      className="MuiTouchRipple-root-40"
    />
  </a>
  <a
    className="MuiButtonBase-root-7 MuiBottomNavigationAction-root-2"
    href="/uploader"
    onBlur={[Function]}
    onClick={[Function]}
    onFocus={[Function]}
    onKeyDown={[Function]}
    onKeyUp={[Function]}
    onMouseDown={[Function]}
    onMouseLeave={[Function]}
    onMouseUp={[Function]}
    onTouchEnd={[Function]}
    onTouchMove={[Function]}
    onTouchStart={[Function]}
    role="button"
    tabIndex="0"
  >
    <span
      className="MuiBottomNavigationAction-wrapper-5"
    >
      <svg
        aria-hidden="true"
        className="MuiSvgIcon-root-10"
        color={undefined}
        focusable="false"
        viewBox="0 0 24 24"
      >
        <g>
          <path
            d="M9 16h6v-6h4l-7-7-7 7h4zm-4 2h14v2H5z"
          />
        </g>
      </svg>
      <span
        className="MuiBottomNavigationAction-label-6"
      >
        <span
          className="MuiTypography-root-16 MuiTypography-caption-26 MuiTypography-colorInherit-35"
        >
          Uploader
        </span>
      </span>
    </span>
    <span
      className="MuiTouchRipple-root-40"
    />
  </a>
  <button
    className="MuiButtonBase-root-7 MuiBottomNavigationAction-root-2"
    disabled={undefined}
    onBlur={[Function]}
    onClick={[Function]}
    onFocus={[Function]}
    onKeyDown={[Function]}
    onKeyUp={[Function]}
    onMouseDown={[Function]}
    onMouseLeave={[Function]}
    onMouseUp={[Function]}
    onTouchEnd={[Function]}
    onTouchMove={[Function]}
    onTouchStart={[Function]}
    tabIndex="0"
    type="button"
  >
    <span
      className="MuiBottomNavigationAction-wrapper-5"
    >
      <svg
        aria-hidden="true"
        className="MuiSvgIcon-root-10"
        color={undefined}
        focusable="false"
        viewBox="0 0 24 24"
      >
        <g>
          <path
            d="M10.09 15.59L11.5 17l5-5-5-5-1.41 1.41L12.67 11H3v2h9.67l-2.58 2.59zM19 3H5c-1.11 0-2 .9-2 2v4h2V5h14v14H5v-4H3v4c0 1.1.89 2 2 2h14c1.1 0 2-.9 2-2V5c0-1.1-.9-2-2-2z"
          />
        </g>
      </svg>
      <span
        className="MuiBottomNavigationAction-label-6"
      >
        <span
          className="MuiTypography-root-16 MuiTypography-caption-26 MuiTypography-colorInherit-35"
        >
          Sign out
        </span>
      </span>
    </span>
    <span
      className="MuiTouchRipple-root-40"
    />
  </button>
</div>
`;

exports[`NavMobile renders as expected with "/uploader" path 1`] = `
<div
  className="MuiBottomNavigation-root-1"
  style={
    Object {
      "backgroundColor": "#fafafa",
      "bottom": "0px",
      "height": 56,
      "position": "fixed",
      "width": "100%",
      "zIndex": 2,
    }
  }
>
  <a
    className="MuiButtonBase-root-7 MuiBottomNavigationAction-root-2"
    href="/"
    onBlur={[Function]}
    onClick={[Function]}
    onFocus={[Function]}
    onKeyDown={[Function]}
    onKeyUp={[Function]}
    onMouseDown={[Function]}
    onMouseLeave={[Function]}
    onMouseUp={[Function]}
    onTouchEnd={[Function]}
    onTouchMove={[Function]}
    onTouchStart={[Function]}
    role="button"
    tabIndex="0"
  >
    <span
      className="MuiBottomNavigationAction-wrapper-5"
    >
      <svg
        aria-hidden="true"
        className="MuiSvgIcon-root-10"
        color={undefined}
        focusable="false"
        viewBox="0 0 24 24"
      >
        <g>
          <path
            d="M10 20v-6h4v6h5v-8h3L12 3 2 12h3v8z"
          />
        </g>
      </svg>
      <span
        className="MuiBottomNavigationAction-label-6"
      >
        <span
          className="MuiTypography-root-16 MuiTypography-caption-26 MuiTypography-colorInherit-35"
        >
          Home
        </span>
      </span>
    </span>
    <span
      className="MuiTouchRipple-root-40"
    />
  </a>
  <a
    className="MuiButtonBase-root-7 MuiBottomNavigationAction-root-2"
    href="/library"
    onBlur={[Function]}
    onClick={[Function]}
    onFocus={[Function]}
    onKeyDown={[Function]}
    onKeyUp={[Function]}
    onMouseDown={[Function]}
    onMouseLeave={[Function]}
    onMouseUp={[Function]}
    onTouchEnd={[Function]}
    onTouchMove={[Function]}
    onTouchStart={[Function]}
    role="button"
    tabIndex="0"
  >
    <span
      className="MuiBottomNavigationAction-wrapper-5"
    >
      <svg
        aria-hidden="true"
        className="MuiSvgIcon-root-10"
        color={undefined}
        focusable="false"
        viewBox="0 0 24 24"
      >
        <g>
          <path
            d="M2 20h20v-4H2v4zm2-3h2v2H4v-2zM2 4v4h20V4H2zm4 3H4V5h2v2zm-4 7h20v-4H2v4zm2-3h2v2H4v-2z"
          />
        </g>
      </svg>
      <span
        className="MuiBottomNavigationAction-label-6"
      >
        <span
          className="MuiTypography-root-16 MuiTypography-caption-26 MuiTypography-colorInherit-35"
        >
          Library
        </span>
      </span>
    </span>
    <span
      className="MuiTouchRipple-root-40"
    />
  </a>
  <a
    className="MuiButtonBase-root-7 MuiBottomNavigationAction-root-2 MuiBottomNavigationAction-selected-3"
    href="/uploader"
    onBlur={[Function]}
    onClick={[Function]}
    onFocus={[Function]}
    onKeyDown={[Function]}
    onKeyUp={[Function]}
    onMouseDown={[Function]}
    onMouseLeave={[Function]}
    onMouseUp={[Function]}
    onTouchEnd={[Function]}
    onTouchMove={[Function]}
    onTouchStart={[Function]}
    role="button"
    tabIndex="0"
  >
    <span
      className="MuiBottomNavigationAction-wrapper-5"
    >
      <svg
        aria-hidden="true"
        className="MuiSvgIcon-root-10"
        color={undefined}
        focusable="false"
        viewBox="0 0 24 24"
      >
        <g>
          <path
            d="M9 16h6v-6h4l-7-7-7 7h4zm-4 2h14v2H5z"
          />
        </g>
      </svg>
      <span
        className="MuiBottomNavigationAction-label-6 MuiBottomNavigationAction-selected-3"
      >
        <span
          className="MuiTypography-root-16 MuiTypography-caption-26 MuiTypography-colorInherit-35"
        >
          Uploader
        </span>
      </span>
    </span>
    <span
      className="MuiTouchRipple-root-40"
    />
  </a>
  <button
    className="MuiButtonBase-root-7 MuiBottomNavigationAction-root-2"
    disabled={undefined}
    onBlur={[Function]}
    onClick={[Function]}
    onFocus={[Function]}
    onKeyDown={[Function]}
    onKeyUp={[Function]}
    onMouseDown={[Function]}
    onMouseLeave={[Function]}
    onMouseUp={[Function]}
    onTouchEnd={[Function]}
    onTouchMove={[Function]}
    onTouchStart={[Function]}
    tabIndex="0"
    type="button"
  >
    <span
      className="MuiBottomNavigationAction-wrapper-5"
    >
      <svg
        aria-hidden="true"
        className="MuiSvgIcon-root-10"
        color={undefined}
        focusable="false"
        viewBox="0 0 24 24"
      >
        <g>
          <path
            d="M10.09 15.59L11.5 17l5-5-5-5-1.41 1.41L12.67 11H3v2h9.67l-2.58 2.59zM19 3H5c-1.11 0-2 .9-2 2v4h2V5h14v14H5v-4H3v4c0 1.1.89 2 2 2h14c1.1 0 2-.9 2-2V5c0-1.1-.9-2-2-2z"
          />
        </g>
      </svg>
      <span
        className="MuiBottomNavigationAction-label-6"
      >
        <span
          className="MuiTypography-root-16 MuiTypography-caption-26 MuiTypography-colorInherit-35"
        >
          Sign out
        </span>
      </span>
    </span>
    <span
      className="MuiTouchRipple-root-40"
    />
  </button>
</div>
`;

exports[`NavMobile renders as expected with default path 1`] = `
<div
  className="MuiBottomNavigation-root-1"
  style={
    Object {
      "backgroundColor": "#fafafa",
      "bottom": "0px",
      "height": 56,
      "position": "fixed",
      "width": "100%",
      "zIndex": 2,
    }
  }
>
  <a
    className="MuiButtonBase-root-7 MuiBottomNavigationAction-root-2 MuiBottomNavigationAction-selected-3"
    href="/"
    onBlur={[Function]}
    onClick={[Function]}
    onFocus={[Function]}
    onKeyDown={[Function]}
    onKeyUp={[Function]}
    onMouseDown={[Function]}
    onMouseLeave={[Function]}
    onMouseUp={[Function]}
    onTouchEnd={[Function]}
    onTouchMove={[Function]}
    onTouchStart={[Function]}
    role="button"
    tabIndex="0"
  >
    <span
      className="MuiBottomNavigationAction-wrapper-5"
    >
      <svg
        aria-hidden="true"
        className="MuiSvgIcon-root-10"
        color={undefined}
        focusable="false"
        viewBox="0 0 24 24"
      >
        <g>
          <path
            d="M10 20v-6h4v6h5v-8h3L12 3 2 12h3v8z"
          />
        </g>
      </svg>
      <span
        className="MuiBottomNavigationAction-label-6 MuiBottomNavigationAction-selected-3"
      >
        <span
          className="MuiTypography-root-16 MuiTypography-caption-26 MuiTypography-colorInherit-35"
        >
          Home
        </span>
      </span>
    </span>
    <span
      className="MuiTouchRipple-root-40"
    />
  </a>
  <a
    className="MuiButtonBase-root-7 MuiBottomNavigationAction-root-2"
    href="/library"
    onBlur={[Function]}
    onClick={[Function]}
    onFocus={[Function]}
    onKeyDown={[Function]}
    onKeyUp={[Function]}
    onMouseDown={[Function]}
    onMouseLeave={[Function]}
    onMouseUp={[Function]}
    onTouchEnd={[Function]}
    onTouchMove={[Function]}
    onTouchStart={[Function]}
    role="button"
    tabIndex="0"
  >
    <span
      className="MuiBottomNavigationAction-wrapper-5"
    >
      <svg
        aria-hidden="true"
        className="MuiSvgIcon-root-10"
        color={undefined}
        focusable="false"
        viewBox="0 0 24 24"
      >
        <g>
          <path
            d="M2 20h20v-4H2v4zm2-3h2v2H4v-2zM2 4v4h20V4H2zm4 3H4V5h2v2zm-4 7h20v-4H2v4zm2-3h2v2H4v-2z"
          />
        </g>
      </svg>
      <span
        className="MuiBottomNavigationAction-label-6"
      >
        <span
          className="MuiTypography-root-16 MuiTypography-caption-26 MuiTypography-colorInherit-35"
        >
          Library
        </span>
      </span>
    </span>
    <span
      className="MuiTouchRipple-root-40"
    />
  </a>
  <a
    className="MuiButtonBase-root-7 MuiBottomNavigationAction-root-2"
    href="/uploader"
    onBlur={[Function]}
    onClick={[Function]}
    onFocus={[Function]}
    onKeyDown={[Function]}
    onKeyUp={[Function]}
    onMouseDown={[Function]}
    onMouseLeave={[Function]}
    onMouseUp={[Function]}
    onTouchEnd={[Function]}
    onTouchMove={[Function]}
    onTouchStart={[Function]}
    role="button"
    tabIndex="0"
  >
    <span
      className="MuiBottomNavigationAction-wrapper-5"
    >
      <svg
        aria-hidden="true"
        className="MuiSvgIcon-root-10"
        color={undefined}
        focusable="false"
        viewBox="0 0 24 24"
      >
        <g>
          <path
            d="M9 16h6v-6h4l-7-7-7 7h4zm-4 2h14v2H5z"
          />
        </g>
      </svg>
      <span
        className="MuiBottomNavigationAction-label-6"
      >
        <span
          className="MuiTypography-root-16 MuiTypography-caption-26 MuiTypography-colorInherit-35"
        >
          Uploader
        </span>
      </span>
    </span>
    <span
      className="MuiTouchRipple-root-40"
    />
  </a>
  <button
    className="MuiButtonBase-root-7 MuiBottomNavigationAction-root-2"
    disabled={undefined}
    onBlur={[Function]}
    onClick={[Function]}
    onFocus={[Function]}
    onKeyDown={[Function]}
    onKeyUp={[Function]}
    onMouseDown={[Function]}
    onMouseLeave={[Function]}
    onMouseUp={[Function]}
    onTouchEnd={[Function]}
    onTouchMove={[Function]}
    onTouchStart={[Function]}
    tabIndex="0"
    type="button"
  >
    <span
      className="MuiBottomNavigationAction-wrapper-5"
    >
      <svg
        aria-hidden="true"
        className="MuiSvgIcon-root-10"
        color={undefined}
        focusable="false"
        viewBox="0 0 24 24"
      >
        <g>
          <path
            d="M10.09 15.59L11.5 17l5-5-5-5-1.41 1.41L12.67 11H3v2h9.67l-2.58 2.59zM19 3H5c-1.11 0-2 .9-2 2v4h2V5h14v14H5v-4H3v4c0 1.1.89 2 2 2h14c1.1 0 2-.9 2-2V5c0-1.1-.9-2-2-2z"
          />
        </g>
      </svg>
      <span
        className="MuiBottomNavigationAction-label-6"
      >
        <span
          className="MuiTypography-root-16 MuiTypography-caption-26 MuiTypography-colorInherit-35"
        >
          Sign out
        </span>
      </span>
    </span>
    <span
      className="MuiTouchRipple-root-40"
    />
  </button>
</div>
`;
